// Jest Snapshot v1, https://goo.gl/fbAQLP

exports[`src/component/button should render correctly 1`] = `
<TouchableOpacity
  style={
    [
      {
        "backgroundColor": "green",
      },
      undefined,
    ]
  }
>
  <Text
    style={
      [
        {
          "color": "white",
        },
        undefined,
      ]
    }
  />
</TouchableOpacity>
`;
