// Jest Snapshot v1, https://goo.gl/fbAQLP

exports[`src/component/question should render correctly 1`] = `
<View
  style={
    {
      "margin": 20,
    }
  }
>
  <Text
    style={
      {
        "color": "white",
        "fontSize": 18,
        "fontWeight": "400",
      }
    }
  >
     
    .
  </Text>
</View>
`;
